(1779321609.318990) can0 0000E007#0CD60CD50CD60CD6
(1779321609.319971) can0 0000E008#0CD60CD60CD60CD5
(1779321609.320976) can0 0000E009#0CD60CD60CD60CD6
(1779321609.322029) can0 0000E010#0000000000000000
(1779321609.323047) can0 0000E011#0000000000000000
(1779321609.323993) can0 0000E012#0CD5000100000000
(1779321609.325014) can0 0000F001#0000000000000000
(1779321609.325998) can0 18FF28F4#10320000020D0000
(1779321609.326977) can0 18FE28F4#0CD60CD540400000
(1779321609.327995) can0 18FD28F4#1702FA6F00000000
(1779321609.328905) can0 4D4#000032007D0D0203
(1779321609.329873) can0 4D5#D50CD60C40400000
(1779321609.331024) can0 18914010#0CD6100CD5010000
(1779321609.331965) can0 18904010#020D020D753001FB
(1779321609.332993) can0 18FA28F4#123EA12C10270000
(1779321609.333971) can0 18FB28F4#D60CD50C40400000
(1779321609.335002) can0 18FC28F4#383200000D020000
(1779321609.335963) can0 18F810F3#0D02E80332640100
(1779321609.336998) can0 18F815F3#0000000010030000
(1779321609.337894) can0 273#000000000D023200
(1779321609.338943) can0 1E1#020D271001FB01FB
(1779321609.339910) can0 1F5#0000000000000000
(1779321609.341008) can0 0800A6A9#0000000000000000
(1779321609.341967) can0 1000A6A9#0D028813324A4A4A
(1779321609.342997) can0 1C00A6A9#0000000000030000
(1779321609.344000) can0 02018100#1003020D00000000
(1779321609.344992) can0 02028100#0000003264000000
(1779321609.345980) can0 02038100#0CD601100CD50101
(1779321609.346987) can0 02048100#4A01014A01010000
(1779321609.347868) can0 1AD#8914000059321818
(1779321609.348887) can0 2AD#D60C800C89140016
(1779321609.349893) can0 3AD#0000000000008914
(1779321609.350904) can0 4AD#EB00000000000000
(1779321609.351903) can0 76A#7F00000000000000
(1779321609.414555) can0 0000E005#1702440003B60591
(1779321609.415107) can0 1806E5F4#13D2010003B6023A
(1779321609.416040) can0 0000E000#13D213D2020D0000
(1779321609.416982) can0 0000E004#181803B603B601E2
(1779321609.417966) can0 0000E006#0CD50CD60CD60CD6
(1779321609.418982) can0 0000E007#0CD60CD50CD60CD6
(1779321609.419983) can0 0000E008#0CD60CD60CD60CD5
(1779321609.420970) can0 0000E009#0CD60CD60CD60CD6
(1779321609.422016) can0 0000E010#0000000000000000
(1779321609.423001) can0 0000E011#0000000000000000
(1779321609.424000) can0 0000E012#0CD5000100000000
(1779321609.425013) can0 0000F001#0000000000000000
(1779321609.425993) can0 18FF28F4#10320000020D0000
(1779321609.426975) can0 18FE28F4#0CD60CD540400000
(1779321609.427987) can0 18FD28F4#1702FA6F00000000
(1779321609.428903) can0 4D4#000032007D0D0203
(1779321609.429882) can0 4D5#D50CD60C40400000
(1779321609.430983) can0 18914010#0CD6100CD5010000
(1779321609.431981) can0 18904010#020D020D753001FB
(1779321609.432987) can0 18FA28F4#123EA12C10270000
(1779321609.433975) can0 18FB28F4#D60CD50C40400000
(1779321609.435014) can0 18FC28F4#383200000D020000
(1779321609.435970) can0 18F810F3#0D02E80332640100
(1779321609.437002) can0 18F815F3#0000000010030000
(1779321609.437902) can0 273#000000000D023200
(1779321609.438902) can0 1E1#020D271001FB01FB
(1779321609.439898) can0 1F5#0000000000000000
(1779321609.441005) can0 0800A6A9#0000000000000000
(1779321609.441966) can0 1000A6A9#0D028813324A4A4A
(1779321609.443003) can0 1C00A6A9#0000000000030000
(1779321609.443997) can0 02018100#1003020D00000000
(1779321609.445000) can0 02028100#0000003264000000
(1779321609.445982) can0 02038100#0CD601100CD50101
(1779321609.446992) can0 02048100#4A01014A01010000
(1779321609.447876) can0 1AD#8914000059321818
(1779321609.448888) can0 2AD#D60C800C89140016
(1779321609.449908) can0 3AD#0000000000008914
(1779321609.450916) can0 4AD#EB00000000000000
(1779321609.451918) can0 76A#7F00000000000000
(1779321609.531556) can0 0000E005#1702440003B60591
(1779321609.532106) can0 1806E5F4#13D2010003B6023A
(1779321609.532988) can0 0000E000#13D213D2020D0000
(1779321609.533975) can0 0000E004#181803B603B601E2
(1779321609.534965) can0 0000E006#0CD60CD60CD60CD6
(1779321609.535979) can0 0000E007#0CD60CD50CD60CD6
(1779321609.536965) can0 0000E008#0CD60CD60CD50CD6
(1779321609.537995) can0 0000E009#0CD60CD60CD60CD6
(1779321609.539006) can0 0000E010#0000000000000000
(1779321609.540005) can0 0000E011#0000000000000000
(1779321609.540989) can0 0000E012#0CD5000100000000
(1779321609.541950) can0 0000E013#4542323630354C43
(1779321609.542978) can0 0000E014#3134323300000000
(1779321609.543993) can0 0000E015#0000000000000003
(1779321609.545007) can0 0000F000#0000000000000000
(1779321609.546038) can0 0000F001#0000000000000000
(1779321609.546979) can0 18FF28F4#10320000020D0000
(1779321609.547966) can0 18FE28F4#0CD60CD540400000
(1779321609.548979) can0 18FD28F4#1702FA6F00000000
(1779321609.549893) can0 4D4#000032007D0D0203
(1779321609.550870) can0 4D5#D50CD60C40400000
(1779321609.551964) can0 18914010#0CD6100CD5060000
(1779321609.552958) can0 18904010#020D020D753001FB
(1779321609.554022) can0 18924010#4001400100000000
(1779321609.554954) can0 18934010#000000DB0000BC51
(1779321609.555984) can0 18944010#1003000000000000
(1779321609.556997) can0 18954010#0000000000000000
(1779321609.557997) can0 18954010#0100000000000000
(1779321609.558990) can0 18954010#0200000000000000
(1779321609.559990) can0 18954010#0300000000000000
(1779321609.560994) can0 18954010#0400000000000000
(1779321609.562041) can0 18954010#0500000000000000
(1779321609.562985) can0 18964010#0040404000000000
(1779321609.563998) can0 18974010#0000000000000000
(1779321609.564978) can0 18984010#0000000000000000
(1779321609.565958) can0 18FA28F4#123EA12C10270000
(1779321609.566953) can0 18FB28F4#D60CD50C40400000
(1779321609.567991) can0 18FC28F4#383200000D020000
(1779321609.568951) can0 18F810F3#0D02E80332640100
(1779321609.569965) can0 18F811F3#D60C1001D50C0601
(1779321609.570960) can0 18F812F3#4001014001010000
(1779321609.571997) can0 18F813F3#0101000000000000
(1779321609.572959) can0 18F814F3#3200EA1AA9015F00
(1779321609.573991) can0 18F815F3#0000000010030000
(1779321609.574888) can0 273#000000000D023200
(1779321609.575869) can0 1E1#020D271001FB01FB
(1779321609.576901) can0 1F5#0000000000000000
(1779321609.577990) can0 0800A6A9#0000000000000000
(1779321609.578939) can0 1000A6A9#0D028813324A4A4A
(1779321609.579972) can0 1C00A6A9#0000000000030000
(1779321609.580985) can0 02018100#1003020D00000000
(1779321609.581985) can0 02028100#0000003264000000
(1779321609.582960) can0 02038100#0CD601100CD50106
(1779321609.583979) can0 02048100#4A01014A01010000
(1779321609.584865) can0 1AD#8914000059321818
(1779321609.585878) can0 2AD#D60C800C89140016
(1779321609.586889) can0 3AD#0000000000008914
(1779321609.587903) can0 4AD#EB00000000000000
(1779321609.588904) can0 76A#7F00000000000000
(1779321609.647548) can0 0000E005#1702440003B60591
(1779321609.648080) can0 1806E5F4#13D2010003B6023A
(1779321609.648958) can0 0000E000#13D213D2020D0000
(1779321609.649969) can0 0000E004#181803B603B601E2
(1779321609.650966) can0 0000E006#0CD60CD60CD60CD6
(1779321609.651958) can0 0000E007#0CD60CD50CD60CD6
(1779321609.652963) can0 0000E008#0CD60CD60CD50CD6
(1779321609.653956) can0 0000E009#0CD60CD60CD60CD6
(1779321609.654999) can0 0000E010#0000000000000000
(1779321609.655998) can0 0000E011#0000000000000000
(1779321609.656977) can0 0000E012#0CD5000100000000
(1779321609.657990) can0 0000F001#0000000000000000
(1779321609.658989) can0 18FF28F4#10320000020D0000
(1779321609.659951) can0 18FE28F4#0CD60CD540400000
(1779321609.660971) can0 18FD28F4#1702FA6F00000000
(1779321609.661881) can0 4D4#000032007D0D0203
(1779321609.662861) can0 4D5#D50CD60C40400000
(1779321609.663952) can0 18914010#0CD6100CD5060000
(1779321609.664957) can0 18904010#020D020D753001FB
(1779321609.665950) can0 18FA28F4#123EA12C10270000
(1779321609.666950) can0 18FB28F4#D60CD50C40400000
(1779321609.667982) can0 18FC28F4#383200000D020000
(1779321609.668944) can0 18F810F3#0D02E80332640100
(1779321609.669978) can0 18F815F3#0000000010030000
(1779321609.670874) can0 273#000000000D023200
(1779321609.671869) can0 1E1#020D271001FB01FB
(1779321609.672886) can0 1F5#0000000000000000
(1779321609.673984) can0 0800A6A9#0000000000000000
(1779321609.674932) can0 1000A6A9#0D028813324A4A4A
(1779321609.675974) can0 1C00A6A9#0000000000030000
(1779321609.676976) can0 02018100#1003020D00000000
(1779321609.677976) can0 02028100#0000003264000000
(1779321609.678957) can0 02038100#0CD601100CD50106
(1779321609.679970) can0 02048100#4A01014A01010000
(1779321609.680849) can0 1AD#8914000059321818
(1779321609.681862) can0 2AD#D60C800C89140016
(1779321609.682875) can0 3AD#0000000000008914
(1779321609.683901) can0 4AD#EB00000000000000
(1779321609.684881) can0 76A#7F00000000000000
(1779321609.747566) can0 0000E005#1702440003B60591
(1779321609.748115) can0 1806E5F4#13D2010003B6023A
(1779321609.748954) can0 0000E000#13D213D2020D0000
(1779321609.749954) can0 0000E004#181803B603B601E2
(1779321609.750947) can0 0000E006#0CD60CD60CD60CD6
(1779321609.751947) can0 0000E007#0CD60CD50CD60CD6
(1779321609.752941) can0 0000E008#0CD60CD60CD50CD6
(1779321609.753941) can0 0000E009#0CD60CD60CD60CD6
(1779321609.754986) can0 0000E010#0000000000000000
(1779321609.755986) can0 0000E011#0000000000000000
(1779321609.756964) can0 0000E012#0CD5000100000000
(1779321609.757980) can0 0000F001#0000000000000000
(1779321609.758961) can0 18FF28F4#10320000020D0000
(1779321609.759942) can0 18FE28F4#0CD60CD540400000
(1779321609.760971) can0 18FD28F4#1702FA6F00000000
(1779321609.761872) can0 4D4#000032007D0D0203
(1779321609.762852) can0 4D5#D50CD60C40400000
(1779321609.763950) can0 18914010#0CD6100CD5060000
(1779321609.764948) can0 18904010#020D020D753001FB
(1779321609.765961) can0 18FA28F4#123EA12C10270000
(1779321609.766942) can0 18FB28F4#D60CD50C40400000
(1779321609.767967) can0 18FC28F4#383200000D020000
(1779321609.768968) can0 18F810F3#0D02E80332640100
(1779321609.769980) can0 18F815F3#0000000010030000
(1779321609.770866) can0 273#000000000D023200
(1779321609.771855) can0 1E1#020D271001FB01FB
(1779321609.772891) can0 1F5#0000000000000000
(1779321609.773969) can0 0800A6A9#0000000000000000
(1779321609.774936) can0 1000A6A9#0D028813324A4A4A
(1779321609.775968) can0 1C00A6A9#0000000000030000
(1779321609.777012) can0 02018100#1003020D00000000
(1779321609.777974) can0 02028100#0000003264000000
(1779321609.778955) can0 02038100#0CD601100CD50106
(1779321609.779951) can0 02048100#4A01014A01010000
(1779321609.780853) can0 1AD#8914000059321818
(1779321609.781847) can0 2AD#D60C800C89140016
(1779321609.782872) can0 3AD#0000000000008914
(1779321609.783866) can0 4AD#EB00000000000000
(1779321609.784918) can0 76A#7F00000000000000
(1779321609.847512) can0 0000E005#1702440003B60591
(1779321609.848068) can0 1806E5F4#13D2010003B6023A
(1779321609.848952) can0 0000E000#13D213D2020D0000
(1779321609.849952) can0 0000E004#181803B603B601E2
(1779321609.850933) can0 0000E006#0CD60CD50CD60CD5
(1779321609.851946) can0 0000E007#0CD60CD60CD50CD6
(1779321609.852937) can0 0000E008#0CD60CD60CD60CD6
(1779321609.853972) can0 0000E009#0CD50CD60CD60CD6
(1779321609.854984) can0 0000E010#0000000000000000
(1779321609.855966) can0 0000E011#0000000000000000
(1779321609.856965) can0 0000E012#0CD5000100000000
(1779321609.857978) can0 0000F001#0000000000000000
(1779321609.858959) can0 18FF28F4#10320000020D0000
(1779321609.859940) can0 18FE28F4#0CD60CD540400000
(1779321609.860953) can0 18FD28F4#1702FA6F00000000
(1779321609.861902) can0 4D4#000032007D0D0203
(1779321609.862851) can0 4D5#D50CD60C40400000
(1779321609.863947) can0 18914010#0CD6100CD5020000
(1779321609.864939) can0 18904010#020D020D753001FB
(1779321609.865959) can0 18FA28F4#123EA12C10270000
(1779321609.866941) can0 18FB28F4#D60CD50C40400000
(1779321609.867972) can0 18FC28F4#383200000D020000
(1779321609.868929) can0 18F810F3#0D02E80332640100
(1779321609.870010) can0 18F815F3#0000000010030000
(1779321609.870864) can0 273#000000000D023200
(1779321609.871864) can0 1E1#020D271001FB01FB
(1779321609.872877) can0 1F5#0000000000000000
(1779321609.873972) can0 0800A6A9#0000000000000000
(1779321609.874934) can0 1000A6A9#0D028813324A4A4A
(1779321609.875966) can0 1C00A6A9#0000000000030000
(1779321609.876961) can0 02018100#1003020D00000000
(1779321609.877973) can0 02028100#0000003264000000
(1779321609.878953) can0 02038100#0CD601100CD50102
(1779321609.879953) can0 02048100#4A01014A01010000
(1779321609.880850) can0 1AD#8914000059321818
(1779321609.881845) can0 2AD#D60C800C89140016
(1779321609.882877) can0 3AD#0000000000008914
(1779321609.883871) can0 4AD#EB00000000000000
(1779321609.884883) can0 76A#7F00000000000000
(1779321609.947512) can0 0000E005#1702440003B60591
(1779321609.948067) can0 1806E5F4#13D2010003B6023A
(1779321609.948950) can0 0000E000#13D213D2020D0000
(1779321609.949943) can0 0000E004#181803B603B601E2
(1779321609.950931) can0 0000E006#0CD60CD50CD60CD5
(1779321609.951944) can0 0000E007#0CD60CD60CD50CD6
(1779321609.952945) can0 0000E008#0CD60CD60CD60CD6
(1779321609.953934) can0 0000E009#0CD50CD60CD60CD6
(1779321609.954982) can0 0000E010#0000000000000000
(1779321609.955963) can0 0000E011#0000000000000000
(1779321609.956964) can0 0000E012#0CD5000100000000
(1779321609.957976) can0 0000F001#0000000000000000
(1779321609.958957) can0 18FF28F4#10320000020D0000
(1779321609.959937) can0 18FE28F4#0CD60CD540400000
(1779321609.960951) can0 18FD28F4#1702FA6F00000000
(1779321609.961866) can0 4D4#000032007D0D0203
(1779321609.962848) can0 4D5#D50CD60C40400000
(1779321609.963945) can0 18914010#0CD6100CD5020000
(1779321609.964944) can0 18904010#020D020D753001FB
(1779321609.965933) can0 18FA28F4#123EA12C10270000
(1779321609.966939) can0 18FB28F4#D60CD50C40400000
(1779321609.967971) can0 18FC28F4#383200000D020000
(1779321609.968932) can0 18F810F3#0D02E80332640100
(1779321609.969964) can0 18F815F3#0000000010030000
(1779321609.970869) can0 273#000000000D023200
(1779321609.971850) can0 1E1#020D271001FB01FB
(1779321609.972881) can0 1F5#0000000000000000
(1779321609.973951) can0 0800A6A9#0000000000000000
(1779321609.974927) can0 1000A6A9#0D028813324A4A4A
(1779321609.975952) can0 1C00A6A9#0000000000030000
(1779321609.976971) can0 02018100#1003020D00000000
(1779321609.977957) can0 02028100#0000003264000000
(1779321609.978945) can0 02038100#0CD601100CD50102
(1779321609.979939) can0 02048100#4A01014A01010000
(1779321609.980843) can0 1AD#8914000059321818
(1779321609.981850) can0 2AD#D60C800C89140016
(1779321609.982862) can0 3AD#0000000000008914
(1779321609.983875) can0 4AD#EB00000000000000
(1779321609.984875) can0 76A#7F00000000000000
(1779321610.064500) can0 0000E005#1702440003B60591
(1779321610.065056) can0 1806E5F4#13D2010003B6023A
(1779321610.065942) can0 0000E000#13D213D2020D0000
(1779321610.066942) can0 0000E004#181803B603B601E2
(1779321610.067932) can0 0000E006#0CD60CD50CD60CD5
(1779321610.068950) can0 0000E007#0CD50CD60CD60CD6
(1779321610.069936) can0 0000E008#0CD60CD60CD50CD5
(1779321610.070930) can0 0000E009#0CD50CD60CD60CD6
(1779321610.071980) can0 0000E010#0000000000000000
(1779321610.072975) can0 0000E011#0000000000000000
(1779321610.073956) can0 0000E012#0CD5000100000000
(1779321610.074923) can0 0000E013#4542323630354C43
(1779321610.075946) can0 0000E014#3134323300000000
(1779321610.076994) can0 0000E015#0000000000000003
(1779321610.077976) can0 0000F000#0000000000000000
(1779321610.078975) can0 0000F001#0000000000000000
(1779321610.079956) can0 18FF28F4#10320000020D0000
(1779321610.080938) can0 18FE28F4#0CD60CD540400000
(1779321610.081950) can0 18FD28F4#1702FA6F00000000
(1779321610.082867) can0 4D4#000032007D0D0203
(1779321610.083847) can0 4D5#D50CD60C40400000
(1779321610.084979) can0 18914010#0CD6100CD5020000
(1779321610.085944) can0 18904010#020D020D753001FB
(1779321610.086956) can0 18924010#4001400100000000
(1779321610.087949) can0 18934010#000000DC0000BC51
(1779321610.088950) can0 18944010#1003000000000000
(1779321610.089982) can0 18954010#0000000000000000
(1779321610.090975) can0 18954010#0100000000000000
(1779321610.091953) can0 18954010#0200000000000000
(1779321610.093002) can0 18954010#0300000000000000
(1779321610.093969) can0 18954010#0400000000000000
(1779321610.094964) can0 18954010#0500000000000000
(1779321610.095963) can0 18964010#0040404000000000
(1779321610.096957) can0 18974010#0000000000000000
(1779321610.097956) can0 18984010#0000000000000000
(1779321610.098931) can0 18FA28F4#123EA12C10270000
(1779321610.099928) can0 18FB28F4#D60CD50C40400000
(1779321610.101008) can0 18FC28F4#383200000D020000
(1779321610.101925) can0 18F810F3#0D02E80332640100
(1779321610.102938) can0 18F811F3#D60C1001D50C0201
(1779321610.103941) can0 18F812F3#4001014001010000
(1779321610.104958) can0 18F813F3#0101000000000000
(1779321610.105938) can0 18F814F3#3200EA1AA9015F00
(1779321610.106970) can0 18F815F3#0000000010030000
(1779321610.107868) can0 273#000000000D023200
(1779321610.108849) can0 1E1#020D271001FB01FB
(1779321610.109875) can0 1F5#0000000000000000
(1779321610.110950) can0 0800A6A9#0000000000000000
(1779321610.111911) can0 1000A6A9#0D028813324A4A4A
(1779321610.112952) can0 1C00A6A9#0000000000030000
(1779321610.113964) can0 02018100#1003020D00000000
(1779321610.114959) can0 02028100#0000003264000000
(1779321610.115941) can0 02038100#0CD601100CD50102
(1779321610.116940) can0 02048100#4A01014A01010000
(1779321610.117842) can0 1AD#8914000059321818
(1779321610.118843) can0 2AD#D60C800C89140016
(1779321610.119857) can0 3AD#0000000000008914
(1779321610.120869) can0 4AD#EB00000000000000
(1779321610.121869) can0 76A#7F00000000000000
(1779321610.180540) can0 0000E005#1702440003B60591
(1779321610.181114) can0 1806E5F4#13D2010003B6023A
(1779321610.181936) can0 0000E000#13D213D2020D0000
(1779321610.182936) can0 0000E004#181803B603B601E2
(1779321610.183929) can0 0000E006#0CD60CD50CD60CD5
(1779321610.184922) can0 0000E007#0CD50CD60CD60CD6
(1779321610.185929) can0 0000E008#0CD60CD60CD50CD5
(1779321610.186923) can0 0000E009#0CD50CD60CD60CD6
(1779321610.187967) can0 0000E010#0000000000000000
(1779321610.188967) can0 0000E011#0000000000000000
(1779321610.189949) can0 0000E012#0CD5000100000000
(1779321610.190961) can0 0000F001#0000000000000000
(1779321610.191943) can0 18FF28F4#10320000020D0000
(1779321610.192923) can0 18FE28F4#0CD60CD540400000
(1779321610.193936) can0 18FD28F4#1702FA6F00000000
(1779321610.194853) can0 4D4#000032007D0D0203
(1779321610.195834) can0 4D5#D50CD60C40400000
(1779321610.196928) can0 18914010#0CD6100CD5020000
(1779321610.197930) can0 18904010#020D020D753001FB
(1779321610.198943) can0 18FA28F4#123EA12C10270000
(1779321610.199924) can0 18FB28F4#D60CD50C40400000
(1779321610.200956) can0 18FC28F4#383200000D020000
(1779321610.201924) can0 18F810F3#0D02E80332640100
(1779321610.202956) can0 18F815F3#0000000010030000
(1779321610.203854) can0 273#000000000D023200
(1779321610.204833) can0 1E1#020D271001FB01FB
(1779321610.205866) can0 1F5#0000000000000000
(1779321610.206949) can0 0800A6A9#0000000000000000
(1779321610.207911) can0 1000A6A9#0D028813324A4A4A
(1779321610.208936) can0 1C00A6A9#0000000000030000
(1779321610.209956) can0 02018100#1003020D00000000
(1779321610.210955) can0 02028100#0000003264000000
(1779321610.211937) can0 02038100#0CD601100CD50102
(1779321610.212931) can0 02048100#4A01014A01010000
(1779321610.213828) can0 1AD#8914000059321818
(1779321610.214842) can0 2AD#D60C800C89140016
(1779321610.215854) can0 3AD#0000000000008914
(1779321610.216864) can0 4AD#EB00000000000000
(1779321610.217866) can0 76A#7F00000000000000
(1779321610.280487) can0 0000E005#1702440003B60591
(1779321610.281043) can0 1806E5F4#13D2010003B6023A
(1779321610.281924) can0 0000E000#13D213D2020D0000
(1779321610.282926) can0 0000E004#181803B603B601E2
(1779321610.283921) can0 0000E006#0CD60CD50CD60CD5
(1779321610.284921) can0 0000E007#0CD50CD60CD60CD6
(1779321610.285921) can0 0000E008#0CD60CD60CD50CD5
(1779321610.286914) can0 0000E009#0CD50CD60CD60CD6
(1779321610.287959) can0 0000E010#0000000000000000
(1779321610.288960) can0 0000E011#0000000000000000
(1779321610.289935) can0 0000E012#0CD5000100000000
(1779321610.290972) can0 0000F001#0000000000000000
(1779321610.291967) can0 18FF28F4#10320000020D0000
(1779321610.292933) can0 18FE28F4#0CD60CD540400000
(1779321610.293940) can0 18FD28F4#1702FA6F00000000
(1779321610.294844) can0 4D4#000032007D0D0203
(1779321610.295845) can0 4D5#D50CD60C40400000
